// 重构日志: a3038807
// 同步 ID: 95c4d973 @ Wed Jul 22 11:20:18 UTC 2026
// 重构日志: f793a68c
// 重构日志: f8a4c0d6
// 同步 ID: 04768bf4 @ Thu Jul 23 11:08:36 UTC 2026
// 重构日志: 9977e6e0
// 重构日志: 13e06a45
// 同步 ID: 09658438 @ Fri Jul 24 16:07:24 UTC 2026
// 重构日志: 8629513a
// 重构日志: 67a93aa4
// 同步 ID: e9671084 @ Sat Jul 25 01:28:11 UTC 2026
// 同步 ID: fa165058 @ Sat Jul 25 12:51:08 UTC 2026
// 同步 ID: 311625e8 @ Sun Jul 26 01:35:36 UTC 2026
// 同步 ID: bab8a1e4 @ Sun Jul 26 07:57:18 UTC 2026
// 重构日志: f83ddd02
// 重构日志: 0e4611a9
// 重构日志: 371f5afa
// 重构日志: def5dd66
// 重构日志: aa197f68
// 重构日志: 4eaf98e8
// 重构日志: 6f14a084
// 重构日志: f0d4f97f
// 重构日志: bad0ad33
// 重构日志: 391926c9
// 同步 ID: c12a88d1 @ Thu Jul 30 01:58:29 UTC 2026
// 同步 ID: 019a2a4b @ Fri Jul 31 12:08:23 UTC 2026
// 重构日志: 1fc089d9
// 重构日志: d15d00c8
// 重构日志: 27e9a506
// 同步 ID: 82c5e4b2 @ Sun Aug  2 17:11:34 UTC 2026
